Archive member included because of file (symbol)

d:/amit/interfacing_partition/amit eclipse/sdk_win_64/sdk_win_64/winavr/bin/../lib/gcc/avr/4.3.3/avr5\libgcc.a(_udivmodhi4.o)
                              ./RTOS_KERNEL_program.o (__udivmodhi4)
d:/amit/interfacing_partition/amit eclipse/sdk_win_64/sdk_win_64/winavr/bin/../lib/gcc/avr/4.3.3/avr5\libgcc.a(_exit.o)
                              d:/amit/interfacing_partition/amit eclipse/sdk_win_64/sdk_win_64/winavr/bin/../lib/gcc/avr/4.3.3/../../../../avr/lib/avr5/crtm32.o (exit)
d:/amit/interfacing_partition/amit eclipse/sdk_win_64/sdk_win_64/winavr/bin/../lib/gcc/avr/4.3.3/avr5\libgcc.a(_clear_bss.o)
                              ./RTOS_KERNEL_program.o (__do_clear_bss)

Memory Configuration

Name             Origin             Length             Attributes
text             0x00000000         0x00020000         xr
data             0x00800060         0x0000ffa0         rw !x
eeprom           0x00810000         0x00010000         rw !x
fuse             0x00820000         0x00000400         rw !x
lock             0x00830000         0x00000400         rw !x
signature        0x00840000         0x00000400         rw !x
*default*        0x00000000         0xffffffff

Linker script and memory map

LOAD d:/amit/interfacing_partition/amit eclipse/sdk_win_64/sdk_win_64/winavr/bin/../lib/gcc/avr/4.3.3/../../../../avr/lib/avr5/crtm32.o
LOAD ./DIO_program.o
LOAD ./GI_program.o
LOAD ./RTOS_KERNEL_program.o
LOAD ./RTOS_TIMER_program.o
LOAD ./main.o
LOAD d:/amit/interfacing_partition/amit eclipse/sdk_win_64/sdk_win_64/winavr/bin/../lib/gcc/avr/4.3.3/avr5\libgcc.a
LOAD d:/amit/interfacing_partition/amit eclipse/sdk_win_64/sdk_win_64/winavr/bin/../lib/gcc/avr/4.3.3/../../../../avr/lib/avr5\libc.a
LOAD d:/amit/interfacing_partition/amit eclipse/sdk_win_64/sdk_win_64/winavr/bin/../lib/gcc/avr/4.3.3/avr5\libgcc.a

.hash
 *(.hash)

.dynsym
 *(.dynsym)

.dynstr
 *(.dynstr)

.gnu.version
 *(.gnu.version)

.gnu.version_d
 *(.gnu.version_d)

.gnu.version_r
 *(.gnu.version_r)

.rel.init
 *(.rel.init)

.rela.init
 *(.rela.init)

.rel.text
 *(.rel.text)
 *(.rel.text.*)
 *(.rel.gnu.linkonce.t*)

.rela.text
 *(.rela.text)
 *(.rela.text.*)
 *(.rela.gnu.linkonce.t*)

.rel.fini
 *(.rel.fini)

.rela.fini
 *(.rela.fini)

.rel.rodata
 *(.rel.rodata)
 *(.rel.rodata.*)
 *(.rel.gnu.linkonce.r*)

.rela.rodata
 *(.rela.rodata)
 *(.rela.rodata.*)
 *(.rela.gnu.linkonce.r*)

.rel.data
 *(.rel.data)
 *(.rel.data.*)
 *(.rel.gnu.linkonce.d*)

.rela.data
 *(.rela.data)
 *(.rela.data.*)
 *(.rela.gnu.linkonce.d*)

.rel.ctors
 *(.rel.ctors)

.rela.ctors
 *(.rela.ctors)

.rel.dtors
 *(.rel.dtors)

.rela.dtors
 *(.rela.dtors)

.rel.got
 *(.rel.got)

.rela.got
 *(.rela.got)

.rel.bss
 *(.rel.bss)

.rela.bss
 *(.rela.bss)

.rel.plt
 *(.rel.plt)

.rela.plt
 *(.rela.plt)

.text           0x00000000      0xb58
 *(.vectors)
 .vectors       0x00000000       0x54 d:/amit/interfacing_partition/amit eclipse/sdk_win_64/sdk_win_64/winavr/bin/../lib/gcc/avr/4.3.3/../../../../avr/lib/avr5/crtm32.o
                0x00000000                __vectors
                0x00000000                __vector_default
 *(.vectors)
 *(.progmem.gcc*)
 *(.progmem*)
                0x00000054                . = ALIGN (0x2)
                0x00000054                __trampolines_start = .
 *(.trampolines)
 .trampolines   0x00000054        0x0 linker stubs
 *(.trampolines*)
                0x00000054                __trampolines_end = .
 *(.jumptables)
 *(.jumptables*)
 *(.lowtext)
 *(.lowtext*)
                0x00000054                __ctors_start = .
 *(.ctors)
                0x00000054                __ctors_end = .
                0x00000054                __dtors_start = .
 *(.dtors)
                0x00000054                __dtors_end = .
 SORT(*)(.ctors)
 SORT(*)(.dtors)
 *(.init0)
 .init0         0x00000054        0x0 d:/amit/interfacing_partition/amit eclipse/sdk_win_64/sdk_win_64/winavr/bin/../lib/gcc/avr/4.3.3/../../../../avr/lib/avr5/crtm32.o
                0x00000054                __init
 *(.init0)
 *(.init1)
 *(.init1)
 *(.init2)
 .init2         0x00000054        0xc d:/amit/interfacing_partition/amit eclipse/sdk_win_64/sdk_win_64/winavr/bin/../lib/gcc/avr/4.3.3/../../../../avr/lib/avr5/crtm32.o
 *(.init2)
 *(.init3)
 *(.init3)
 *(.init4)
 .init4         0x00000060       0x10 d:/amit/interfacing_partition/amit eclipse/sdk_win_64/sdk_win_64/winavr/bin/../lib/gcc/avr/4.3.3/avr5\libgcc.a(_clear_bss.o)
                0x00000060                __do_clear_bss
 *(.init4)
 *(.init5)
 *(.init5)
 *(.init6)
 *(.init6)
 *(.init7)
 *(.init7)
 *(.init8)
 *(.init8)
 *(.init9)
 .init9         0x00000070        0x8 d:/amit/interfacing_partition/amit eclipse/sdk_win_64/sdk_win_64/winavr/bin/../lib/gcc/avr/4.3.3/../../../../avr/lib/avr5/crtm32.o
 *(.init9)
 *(.text)
 .text          0x00000078        0x4 d:/amit/interfacing_partition/amit eclipse/sdk_win_64/sdk_win_64/winavr/bin/../lib/gcc/avr/4.3.3/../../../../avr/lib/avr5/crtm32.o
                0x00000078                __vector_1
                0x00000078                __vector_12
                0x00000078                __bad_interrupt
                0x00000078                __vector_6
                0x00000078                __vector_3
                0x00000078                __vector_11
                0x00000078                __vector_13
                0x00000078                __vector_17
                0x00000078                __vector_19
                0x00000078                __vector_7
                0x00000078                __vector_5
                0x00000078                __vector_9
                0x00000078                __vector_2
                0x00000078                __vector_15
                0x00000078                __vector_8
                0x00000078                __vector_14
                0x00000078                __vector_10
                0x00000078                __vector_16
                0x00000078                __vector_18
                0x00000078                __vector_20
 .text          0x0000007c        0x0 ./DIO_program.o
 .text          0x0000007c        0x0 ./GI_program.o
 .text          0x0000007c        0x0 ./RTOS_KERNEL_program.o
 .text          0x0000007c        0x0 ./RTOS_TIMER_program.o
 .text          0x0000007c        0x0 ./main.o
 .text          0x0000007c        0x0 d:/amit/interfacing_partition/amit eclipse/sdk_win_64/sdk_win_64/winavr/bin/../lib/gcc/avr/4.3.3/avr5\libgcc.a(_udivmodhi4.o)
 .text          0x0000007c        0x0 d:/amit/interfacing_partition/amit eclipse/sdk_win_64/sdk_win_64/winavr/bin/../lib/gcc/avr/4.3.3/avr5\libgcc.a(_exit.o)
 .text          0x0000007c        0x0 d:/amit/interfacing_partition/amit eclipse/sdk_win_64/sdk_win_64/winavr/bin/../lib/gcc/avr/4.3.3/avr5\libgcc.a(_clear_bss.o)
                0x0000007c                . = ALIGN (0x2)
 *(.text.*)
 .text.DIO_setPinDirection
                0x0000007c      0x1e4 ./DIO_program.o
                0x0000007c                DIO_setPinDirection
 .text.DIO_setPinValue
                0x00000260      0x1e4 ./DIO_program.o
                0x00000260                DIO_setPinValue
 .text.DIO_togglePinValue
                0x00000444      0x10a ./DIO_program.o
                0x00000444                DIO_togglePinValue
 .text.DIO_getPinValue
                0x0000054e      0x122 ./DIO_program.o
                0x0000054e                DIO_getPinValue
 .text.DIO_activePinInPullUpResistance
                0x00000670      0x10a ./DIO_program.o
                0x00000670                DIO_activePinInPullUpResistance
 .text.GI_enable
                0x0000077a       0x1c ./GI_program.o
                0x0000077a                GI_enable
 .text.GI_disable
                0x00000796       0x1c ./GI_program.o
                0x00000796                GI_disable
 .text.RTOS_KERNEL_voidStart
                0x000007b2       0x28 ./RTOS_KERNEL_program.o
                0x000007b2                RTOS_KERNEL_voidStart
 .text.RTOS_KERNEL_voidCreateTask
                0x000007da       0x8c ./RTOS_KERNEL_program.o
                0x000007da                RTOS_KERNEL_voidCreateTask
 .text.private_voidScheduler
                0x00000866       0x9a ./RTOS_KERNEL_program.o
 .text.RTOS_TIMER_init
                0x00000900       0x38 ./RTOS_TIMER_program.o
                0x00000900                RTOS_TIMER_init
 .text.RTOS_TIMER_start
                0x00000938       0x38 ./RTOS_TIMER_program.o
                0x00000938                RTOS_TIMER_start
 .text.RTOS_TIMER_stop
                0x00000970       0x38 ./RTOS_TIMER_program.o
                0x00000970                RTOS_TIMER_stop
 .text.RTOS_TIMER_setCompareMatchValue
                0x000009a8       0x1c ./RTOS_TIMER_program.o
                0x000009a8                RTOS_TIMER_setCompareMatchValue
 .text.RTOS_TIMER_setCallBackCTC
                0x000009c4       0x2c ./RTOS_TIMER_program.o
                0x000009c4                RTOS_TIMER_setCallBackCTC
 .text.__vector_4
                0x000009f0       0x66 ./RTOS_TIMER_program.o
                0x000009f0                __vector_4
 .text.main     0x00000a56       0x7e ./main.o
                0x00000a56                main
 .text.Task1_led1
                0x00000ad4       0x16 ./main.o
                0x00000ad4                Task1_led1
 .text.Task2_led2
                0x00000aea       0x16 ./main.o
                0x00000aea                Task2_led2
 .text.Task3_led3
                0x00000b00       0x16 ./main.o
                0x00000b00                Task3_led3
 .text.Task4_buzzer
                0x00000b16       0x16 ./main.o
                0x00000b16                Task4_buzzer
 .text.libgcc   0x00000b2c       0x28 d:/amit/interfacing_partition/amit eclipse/sdk_win_64/sdk_win_64/winavr/bin/../lib/gcc/avr/4.3.3/avr5\libgcc.a(_udivmodhi4.o)
                0x00000b2c                __udivmodhi4
 .text.libgcc   0x00000b54        0x0 d:/amit/interfacing_partition/amit eclipse/sdk_win_64/sdk_win_64/winavr/bin/../lib/gcc/avr/4.3.3/avr5\libgcc.a(_exit.o)
 .text.libgcc   0x00000b54        0x0 d:/amit/interfacing_partition/amit eclipse/sdk_win_64/sdk_win_64/winavr/bin/../lib/gcc/avr/4.3.3/avr5\libgcc.a(_clear_bss.o)
                0x00000b54                . = ALIGN (0x2)
 *(.fini9)
 .fini9         0x00000b54        0x0 d:/amit/interfacing_partition/amit eclipse/sdk_win_64/sdk_win_64/winavr/bin/../lib/gcc/avr/4.3.3/avr5\libgcc.a(_exit.o)
                0x00000b54                exit
                0x00000b54                _exit
 *(.fini9)
 *(.fini8)
 *(.fini8)
 *(.fini7)
 *(.fini7)
 *(.fini6)
 *(.fini6)
 *(.fini5)
 *(.fini5)
 *(.fini4)
 *(.fini4)
 *(.fini3)
 *(.fini3)
 *(.fini2)
 *(.fini2)
 *(.fini1)
 *(.fini1)
 *(.fini0)
 .fini0         0x00000b54        0x4 d:/amit/interfacing_partition/amit eclipse/sdk_win_64/sdk_win_64/winavr/bin/../lib/gcc/avr/4.3.3/avr5\libgcc.a(_exit.o)
 *(.fini0)
                0x00000b58                _etext = .

.data           0x00800060        0x0 load address 0x00000b58
                0x00800060                PROVIDE (__data_start, .)
 *(.data)
 .data          0x00800060        0x0 d:/amit/interfacing_partition/amit eclipse/sdk_win_64/sdk_win_64/winavr/bin/../lib/gcc/avr/4.3.3/../../../../avr/lib/avr5/crtm32.o
 .data          0x00800060        0x0 ./DIO_program.o
 .data          0x00800060        0x0 ./GI_program.o
 .data          0x00800060        0x0 ./RTOS_KERNEL_program.o
 .data          0x00800060        0x0 ./RTOS_TIMER_program.o
 .data          0x00800060        0x0 ./main.o
 .data          0x00800060        0x0 d:/amit/interfacing_partition/amit eclipse/sdk_win_64/sdk_win_64/winavr/bin/../lib/gcc/avr/4.3.3/avr5\libgcc.a(_udivmodhi4.o)
 .data          0x00800060        0x0 d:/amit/interfacing_partition/amit eclipse/sdk_win_64/sdk_win_64/winavr/bin/../lib/gcc/avr/4.3.3/avr5\libgcc.a(_exit.o)
 .data          0x00800060        0x0 d:/amit/interfacing_partition/amit eclipse/sdk_win_64/sdk_win_64/winavr/bin/../lib/gcc/avr/4.3.3/avr5\libgcc.a(_clear_bss.o)
 *(.data*)
 *(.rodata)
 *(.rodata*)
 *(.gnu.linkonce.d*)
                0x00800060                . = ALIGN (0x2)
                0x00800060                _edata = .
                0x00800060                PROVIDE (__data_end, .)

.bss            0x00800060       0x14
                0x00800060                PROVIDE (__bss_start, .)
 *(.bss)
 .bss           0x00800060        0x0 d:/amit/interfacing_partition/amit eclipse/sdk_win_64/sdk_win_64/winavr/bin/../lib/gcc/avr/4.3.3/../../../../avr/lib/avr5/crtm32.o
 .bss           0x00800060        0x0 ./DIO_program.o
 .bss           0x00800060        0x0 ./GI_program.o
 .bss           0x00800060        0x0 ./RTOS_KERNEL_program.o
 .bss           0x00800060        0x0 ./RTOS_TIMER_program.o
 .bss           0x00800060        0x0 ./main.o
 .bss           0x00800060        0x0 d:/amit/interfacing_partition/amit eclipse/sdk_win_64/sdk_win_64/winavr/bin/../lib/gcc/avr/4.3.3/avr5\libgcc.a(_udivmodhi4.o)
 .bss           0x00800060        0x0 d:/amit/interfacing_partition/amit eclipse/sdk_win_64/sdk_win_64/winavr/bin/../lib/gcc/avr/4.3.3/avr5\libgcc.a(_exit.o)
 .bss           0x00800060        0x0 d:/amit/interfacing_partition/amit eclipse/sdk_win_64/sdk_win_64/winavr/bin/../lib/gcc/avr/4.3.3/avr5\libgcc.a(_clear_bss.o)
 *(.bss*)
 .bss.local_u16TickCount.1270
                0x00800060        0x2 ./RTOS_KERNEL_program.o
 .bss.private_arrOfTasks
                0x00800062       0x10 ./RTOS_KERNEL_program.o
 .bss.private_pCallBackCTC
                0x00800072        0x2 ./RTOS_TIMER_program.o
 *(COMMON)
                0x00800074                PROVIDE (__bss_end, .)
                0x00000b58                __data_load_start = LOADADDR (.data)
                0x00000b58                __data_load_end = (__data_load_start + SIZEOF (.data))

.noinit         0x00800074        0x0
                0x00800074                PROVIDE (__noinit_start, .)
 *(.noinit*)
                0x00800074                PROVIDE (__noinit_end, .)
                0x00800074                _end = .
                0x00800074                PROVIDE (__heap_start, .)

.eeprom         0x00810000        0x0
 *(.eeprom*)
                0x00810000                __eeprom_end = .

.fuse
 *(.fuse)
 *(.lfuse)
 *(.hfuse)
 *(.efuse)

.lock
 *(.lock*)

.signature
 *(.signature*)

.stab           0x00000000      0xd50
 *(.stab)
 .stab          0x00000000      0x4c8 ./DIO_program.o
 .stab          0x000004c8      0x144 ./GI_program.o
                                0x1b0 (size before relaxing)
 .stab          0x0000060c      0x288 ./RTOS_KERNEL_program.o
                                0x2f4 (size before relaxing)
 .stab          0x00000894      0x288 ./RTOS_TIMER_program.o
                                0x2f4 (size before relaxing)
 .stab          0x00000b1c      0x234 ./main.o
                                0x2b8 (size before relaxing)

.stabstr        0x00000000      0x6ed
 *(.stabstr)
 .stabstr       0x00000000      0x6ed ./DIO_program.o

.stab.excl
 *(.stab.excl)

.stab.exclstr
 *(.stab.exclstr)

.stab.index
 *(.stab.index)

.stab.indexstr
 *(.stab.indexstr)

.comment
 *(.comment)

.debug
 *(.debug)

.line
 *(.line)

.debug_srcinfo
 *(.debug_srcinfo)

.debug_sfnames
 *(.debug_sfnames)

.debug_aranges
 *(.debug_aranges)

.debug_pubnames
 *(.debug_pubnames)

.debug_info
 *(.debug_info)
 *(.gnu.linkonce.wi.*)

.debug_abbrev
 *(.debug_abbrev)

.debug_line
 *(.debug_line)

.debug_frame
 *(.debug_frame)

.debug_str
 *(.debug_str)

.debug_loc
 *(.debug_loc)

.debug_macinfo
 *(.debug_macinfo)
OUTPUT(RTOS_TIMER.elf elf32-avr)
LOAD linker stubs
